plugin@org.eclipse.nebula.widgets.gallery=HEAD,:pserver:anonymous@dev.eclipse.org:/cvsroot/technology,,org.eclipse.swt.nebula/org.eclipse.nebula.widgets.gallery
plugin@org.eclipse.nebula.widgets.grid=HEAD,:pserver:anonymous@dev.eclipse.org:/cvsroot/technology,,org.eclipse.swt.nebula/org.eclipse.nebula.widgets.grid
plugin@org.eclipse.nebula.widgets.pgroup=HEAD,:pserver:anonymous@dev.eclipse.org:/cvsroot/technology,,org.eclipse.swt.nebula/org.eclipse.nebula.widgets.pgroup
plugin@org.eclipse.nebula.widgets.pshelf=HEAD,:pserver:anonymous@dev.eclipse.org:/cvsroot/technology,,org.eclipse.swt.nebula/org.eclipse.nebula.widgets.pshelf
plugin@org.eclipse.nebula.widgets.cdatetime=HEAD,:pserver:anonymous@dev.eclipse.org:/cvsroot/technology,,org.eclipse.swt.nebula/org.eclipse.nebula.widgets.cdatetime
plugin@org.eclipse.nebula.widgets.datechooser=HEAD,:pserver:anonymous@dev.eclipse.org:/cvsroot/technology,,org.eclipse.swt.nebula/org.eclipse.nebula.widgets.datechooser
plugin@org.eclipse.nebula.widgets.formattedtext=HEAD,:pserver:anonymous@dev.eclipse.org:/cvsroot/technology,,org.eclipse.swt.nebula/org.eclipse.nebula.widgets.formattedtext
plugin@org.eclipse.nebula.widgets.compositetable=HEAD,:pserver:anonymous@dev.eclipse.org:/cvsroot/technology,,org.eclipse.swt.nebula/org.eclipse.nebula.widgets.compositetable
plugin@org.eclipse.nebula.widgets.ctree=HEAD,:pserver:anonymous@dev.eclipse.org:/cvsroot/technology,,org.eclipse.swt.nebula/org.eclipse.nebula.widgets.ctree
plugin@org.eclipse.nebula.widgets.collapsiblebuttons=HEAD,:pserver:anonymous@dev.eclipse.org:/cvsroot/technology,,org.eclipse.swt.nebula/org.eclipse.nebula.widgets.collapsiblebuttons
plugin@org.eclipse.nebula.widgets.radiogroup=HEAD,:pserver:anonymous@dev.eclipse.org:/cvsroot/technology,,org.eclipse.swt.nebula/org.eclipse.nebula.widgets.radiogroup
plugin@org.eclipse.nebula.widgets.tablecombo=HEAD,:pserver:anonymous@dev.eclipse.org:/cvsroot/technology,,org.eclipse.swt.nebula/org.eclipse.nebula.widgets.tablecombo
plugin@org.eclipse.nebula.cwt=HEAD,:pserver:anonymous@dev.eclipse.org:/cvsroot/technology,,org.eclipse.swt.nebula/org.eclipse.nebula.cwt
plugin@org.eclipse.swt.nebula.examples=HEAD,:pserver:anonymous@dev.eclipse.org:/cvsroot/technology,,org.eclipse.swt.nebula/org.eclipse.swt.nebula.examples

feature@org.eclipse.nebula.examples_feature=HEAD,:pserver:anonymous@dev.eclipse.org:/cvsroot/technology,,org.eclipse.swt.nebula/features/org.eclipse.nebula.examples_feature